<?xml version="1.0" encoding="utf-8"?><testsuites><testsuite name="pytest" errors="0" failures="0" skipped="1" tests="13" time="9.676" timestamp="2026-03-21T20:21:24.040303+00:00" hostname="6dee5c978647"><testcase classname="tests.api.test_api_example" name="test_open_test_site" time="0.552"><properties><property name="allure_title" value="Open site" /></properties></testcase><testcase classname="tests.ui.test_login" name="test_login_page[chromium]" time="3.205"><properties><property name="allure_title" value="Login page" /></properties><skipped type="pytest.skip" message="practice.qabrains.com is unavailable: Cloudflare error 526.">/app/tests/ui/test_login.py:11: practice.qabrains.com is unavailable: Cloudflare error 526.</skipped></testcase><testcase classname="tests.ui.test_new_tab" name="test_new_tab[chromium]" time="4.388"><properties><property name="allure_title" value="New tab" /></properties></testcase><testcase classname="tests.ui.test_alert" name="test_alert_on_page[chromium]" time="4.498"><properties><property name="allure_title" value="Alert on page" /></properties></testcase><testcase classname="tests.ui.test_wiki_page" name="test_wikipedia_about[chromium]" time="4.351"><properties><property name="allure_title" value="Wikipedia about" /></properties></testcase><testcase classname="tests.ui.test_iframe" name="test_iframe[chromium]" time="5.207"><properties><property name="allure_title" value="Iframe" /></properties></testcase><testcase classname="tests.ui.test_make_screenshot" name="test_screenshot[chromium]" time="6.081"><properties><property name="allure_title" value="Screenshot" /></properties></testcase><testcase classname="tests.ui.test_sorter" name="test_sorter[chromium]" time="6.673"><properties><property name="allure_title" value="Sorter" /></properties></testcase><testcase classname="tests.ui.test_selector" name="test_selector[chromium]" time="6.733"><properties><property name="allure_title" value="Selector" /></properties></testcase><testcase classname="tests.ui.test_wiki_page" name="test_wikipedia_search[chromium]" time="1.644"><properties><property name="allure_title" value="Wikipedia search" /></properties></testcase><testcase classname="tests.ui.test_login" name="test_login_to_practice[chromium]" time="7.259"><properties><property name="allure_title" value="Login to practice" /></properties></testcase><testcase classname="tests.ui.test_wiki_page" name="test_wiki_talk_page[chromium]" time="3.281"><properties><property name="allure_title" value="Wiki talk page" /></properties></testcase><testcase classname="tests.ui.test_login" name="test_change_text_after_login[chromium]" time="8.733"><properties><property name="allure_title" value="Change text after login" /></properties></testcase></testsuite></testsuites>